C51 COMPILER V9.60.7.0   PRACTICAL_10                                                      03/03/2023 17:14:06 PAGE 1   


C51 COMPILER V9.60.7.0, COMPILATION OF MODULE PRACTICAL_10
OBJECT MODULE PLACED IN .\Objects\Practical_10.obj
COMPILER INVOKED BY: C:\Program Files\Keil_V5\C51\BIN\C51.exe Practical_10.c OPTIMIZE(8,SPEED) BROWSE DEBUG OBJECTEXTEND
                    - PRINT(.\Listings\Practical_10.lst) TABS(2) OBJECT(.\Objects\Practical_10.obj)

line level    source

   1          /* Generate Triangular wave frequency. */
   2          
   3          #include<reg51.h>
   4          
   5          // Variables
   6          unsigned int i, j;
   7          
   8          void delay(int ms);
   9          
  10          void main() {
  11   1        P2 = 0x00;
  12   1        while(1) {
  13   2          while(P2 < 0xFF) {
  14   3            P2 += 5;
  15   3          }
  16   2          while(P2 > 0x00) {
  17   3            P2 -= 5;
  18   3          }
  19   2        }
  20   1      }


MODULE INFORMATION:   STATIC OVERLAYABLE
   CODE SIZE        =     33    ----
   CONSTANT SIZE    =   ----    ----
   XDATA SIZE       =   ----    ----
   PDATA SIZE       =   ----    ----
   DATA SIZE        =      4    ----
   IDATA SIZE       =   ----    ----
   BIT SIZE         =   ----    ----
END OF MODULE INFORMATION.


C51 COMPILATION COMPLETE.  0 WARNING(S),  0 ERROR(S)
