C51 COMPILER V9.60.7.0   PRACTICAL_9                                                       03/03/2023 17:17:07 PAGE 1   


C51 COMPILER V9.60.7.0, COMPILATION OF MODULE PRACTICAL_9
OBJECT MODULE PLACED IN .\Objects\Practical_9.obj
COMPILER INVOKED BY: C:\Program Files\Keil_V5\C51\BIN\C51.exe Practical_9.c OPTIMIZE(8,SPEED) BROWSE DEBUG OBJECTEXTEND 
                    -PRINT(.\Listings\Practical_9.lst) TABS(2) OBJECT(.\Objects\Practical_9.obj)

line level    source

   1          /* Generate Square wave frequency. */
   2          
   3          #include<reg51.h>
   4          
   5          // Variables
   6          unsigned int i, j;
   7          //void delay(int ms);
   8          
   9          void main() {
  10   1        P1 = 0x00;
  11   1        while(1) {
  12   2          P1 = 0xFF;
  13   2          P1 = 0x00;
  14   2        }
  15   1      }


MODULE INFORMATION:   STATIC OVERLAYABLE
   CODE SIZE        =     11    ----
   CONSTANT SIZE    =   ----    ----
   XDATA SIZE       =   ----    ----
   PDATA SIZE       =   ----    ----
   DATA SIZE        =      4    ----
   IDATA SIZE       =   ----    ----
   BIT SIZE         =   ----    ----
END OF MODULE INFORMATION.


C51 COMPILATION COMPLETE.  0 WARNING(S),  0 ERROR(S)
